(Line 42) If statement must contain a boolean type.
(Line 45) If statement must contain a boolean type.
(Line 48) If statement must contain a boolean type.
(Line 51) If statement must contain a boolean type.
(Line 54) If statement must contain a boolean type.
(Line 57) If statement must contain a boolean type.
(Line 60) If statement must contain a boolean type.