(Line 36) If statement must contain a boolean expression.
(Line 39) If statement must contain a boolean expression.
(Line 42) If statement must contain a boolean expression.
(Line 45) If statement must contain a boolean expression.
(Line 48) If statement must contain a boolean expression.
(Line 51) If statement must contain a boolean expression.
(Line 54) If statement must contain a boolean expression.
(Line 57) If statement must contain a boolean expression.
(Line 60) If statement must contain a boolean expression.
