(Line 24) Cannot compare non-boolean variables.
(Line 25) Cannot compare non-boolean variables.
(Line 26) Cannot compare non-boolean variables.
(Line 27) Cannot compare non-boolean variables.
(Line 42) Cannot compare non-integer values.
(Line 43) Cannot compare non-integer values.
(Line 44) Cannot compare non-integer values.
(Line 58) Cannot add non-integer values.
(Line 59) Cannot add non-integer values.
(Line 60) Cannot add non-integer values.
(Line 74) Cannot subtract non-integer values.
(Line 75) Cannot subtract non-integer values.
(Line 76) Cannot subtract non-integer values.
(Line 90) Cannot multiply non-integer values.
(Line 91) Cannot multiply non-integer values.
(Line 92) Cannot multiply non-integer values.